Archive member included to satisfy reference by file (symbol)

d:/dsusers/uidq6025/home/stm32_ide/eclipse/plugins/fr.ac6.mcu.externaltools.arm-none.win32_1.11.0.201610101338/tools/gcc-arm-none-eabi-5_4-2016q2-20160622-win32/bin/../lib/gcc/arm-none-eabi/5.4.1/../../../../arm-none-eabi/lib/armv7e-m/fpu\libc_nano.a(lib_a-exit.o)
                              d:/dsusers/uidq6025/home/stm32_ide/eclipse/plugins/fr.ac6.mcu.externaltools.arm-none.win32_1.11.0.201610101338/tools/gcc-arm-none-eabi-5_4-2016q2-20160622-win32/bin/../lib/gcc/arm-none-eabi/5.4.1/../../../../arm-none-eabi/lib/armv7e-m/fpu/crt0.o (exit)
d:/dsusers/uidq6025/home/stm32_ide/eclipse/plugins/fr.ac6.mcu.externaltools.arm-none.win32_1.11.0.201610101338/tools/gcc-arm-none-eabi-5_4-2016q2-20160622-win32/bin/../lib/gcc/arm-none-eabi/5.4.1/../../../../arm-none-eabi/lib/armv7e-m/fpu\libc_nano.a(lib_a-impure.o)
                              d:/dsusers/uidq6025/home/stm32_ide/eclipse/plugins/fr.ac6.mcu.externaltools.arm-none.win32_1.11.0.201610101338/tools/gcc-arm-none-eabi-5_4-2016q2-20160622-win32/bin/../lib/gcc/arm-none-eabi/5.4.1/../../../../arm-none-eabi/lib/armv7e-m/fpu\libc_nano.a(lib_a-exit.o) (_global_impure_ptr)
d:/dsusers/uidq6025/home/stm32_ide/eclipse/plugins/fr.ac6.mcu.externaltools.arm-none.win32_1.11.0.201610101338/tools/gcc-arm-none-eabi-5_4-2016q2-20160622-win32/bin/../lib/gcc/arm-none-eabi/5.4.1/../../../../arm-none-eabi/lib/armv7e-m/fpu\libc_nano.a(lib_a-init.o)
                              d:/dsusers/uidq6025/home/stm32_ide/eclipse/plugins/fr.ac6.mcu.externaltools.arm-none.win32_1.11.0.201610101338/tools/gcc-arm-none-eabi-5_4-2016q2-20160622-win32/bin/../lib/gcc/arm-none-eabi/5.4.1/../../../../arm-none-eabi/lib/armv7e-m/fpu/crt0.o (__libc_init_array)
d:/dsusers/uidq6025/home/stm32_ide/eclipse/plugins/fr.ac6.mcu.externaltools.arm-none.win32_1.11.0.201610101338/tools/gcc-arm-none-eabi-5_4-2016q2-20160622-win32/bin/../lib/gcc/arm-none-eabi/5.4.1/../../../../arm-none-eabi/lib/armv7e-m/fpu\libc_nano.a(lib_a-memset.o)
                              d:/dsusers/uidq6025/home/stm32_ide/eclipse/plugins/fr.ac6.mcu.externaltools.arm-none.win32_1.11.0.201610101338/tools/gcc-arm-none-eabi-5_4-2016q2-20160622-win32/bin/../lib/gcc/arm-none-eabi/5.4.1/../../../../arm-none-eabi/lib/armv7e-m/fpu/crt0.o (memset)
d:/dsusers/uidq6025/home/stm32_ide/eclipse/plugins/fr.ac6.mcu.externaltools.arm-none.win32_1.11.0.201610101338/tools/gcc-arm-none-eabi-5_4-2016q2-20160622-win32/bin/../lib/gcc/arm-none-eabi/5.4.1/../../../../arm-none-eabi/lib/armv7e-m/fpu\libnosys.a(_exit.o)
                              d:/dsusers/uidq6025/home/stm32_ide/eclipse/plugins/fr.ac6.mcu.externaltools.arm-none.win32_1.11.0.201610101338/tools/gcc-arm-none-eabi-5_4-2016q2-20160622-win32/bin/../lib/gcc/arm-none-eabi/5.4.1/../../../../arm-none-eabi/lib/armv7e-m/fpu\libc_nano.a(lib_a-exit.o) (_exit)

Allocating common symbols
Common symbol       size              file

uwTick              0x4               Drivers/STM32F4xx_HAL_Driver/Src/stm32f4xx_hal.o
pFlash              0x20              Drivers/STM32F4xx_HAL_Driver/Src/stm32f4xx_hal_flash.o
hspi4               0x58              Src/spi.o

Discarded input sections

 .text          0x00000000        0x0 d:/dsusers/uidq6025/home/stm32_ide/eclipse/plugins/fr.ac6.mcu.externaltools.arm-none.win32_1.11.0.201610101338/tools/gcc-arm-none-eabi-5_4-2016q2-20160622-win32/bin/../lib/gcc/arm-none-eabi/5.4.1/armv7e-m/fpu/crti.o
 .data          0x00000000        0x0 d:/dsusers/uidq6025/home/stm32_ide/eclipse/plugins/fr.ac6.mcu.externaltools.arm-none.win32_1.11.0.201610101338/tools/gcc-arm-none-eabi-5_4-2016q2-20160622-win32/bin/../lib/gcc/arm-none-eabi/5.4.1/armv7e-m/fpu/crti.o
 .bss           0x00000000        0x0 d:/dsusers/uidq6025/home/stm32_ide/eclipse/plugins/fr.ac6.mcu.externaltools.arm-none.win32_1.11.0.201610101338/tools/gcc-arm-none-eabi-5_4-2016q2-20160622-win32/bin/../lib/gcc/arm-none-eabi/5.4.1/armv7e-m/fpu/crti.o
 .data          0x00000000        0x4 d:/dsusers/uidq6025/home/stm32_ide/eclipse/plugins/fr.ac6.mcu.externaltools.arm-none.win32_1.11.0.201610101338/tools/gcc-arm-none-eabi-5_4-2016q2-20160622-win32/bin/../lib/gcc/arm-none-eabi/5.4.1/armv7e-m/fpu/crtbegin.o
 .text          0x00000000       0x74 d:/dsusers/uidq6025/home/stm32_ide/eclipse/plugins/fr.ac6.mcu.externaltools.arm-none.win32_1.11.0.201610101338/tools/gcc-arm-none-eabi-5_4-2016q2-20160622-win32/bin/../lib/gcc/arm-none-eabi/5.4.1/../../../../arm-none-eabi/lib/armv7e-m/fpu/crt0.o
 .data          0x00000000        0x0 d:/dsusers/uidq6025/home/stm32_ide/eclipse/plugins/fr.ac6.mcu.externaltools.arm-none.win32_1.11.0.201610101338/tools/gcc-arm-none-eabi-5_4-2016q2-20160622-win32/bin/../lib/gcc/arm-none-eabi/5.4.1/../../../../arm-none-eabi/lib/armv7e-m/fpu/crt0.o
[...]
Memory Configuration

Name             Origin             Length             Attributes
RAM              0x20000000         0x00030000         xrw
CCMRAM           0x10000000         0x00010000         rw
FLASH            0x08000000         0x00200000         xr
*default*        0x00000000         0xffffffff

Linker script and memory map

LOAD d:/dsusers/uidq6025/home/stm32_ide/eclipse/plugins/fr.ac6.mcu.externaltools.arm-none.win32_1.11.0.201610101338/tools/gcc-arm-none-eabi-5_4-2016q2-20160622-win32/bin/../lib/gcc/arm-none-eabi/5.4.1/armv7e-m/fpu/crti.o
LOAD d:/dsusers/uidq6025/home/stm32_ide/eclipse/plugins/fr.ac6.mcu.externaltools.arm-none.win32_1.11.0.201610101338/tools/gcc-arm-none-eabi-5_4-2016q2-20160622-win32/bin/../lib/gcc/arm-none-eabi/5.4.1/armv7e-m/fpu/crtbegin.o
LOAD d:/dsusers/uidq6025/home/stm32_ide/eclipse/plugins/fr.ac6.mcu.externaltools.arm-none.win32_1.11.0.201610101338/tools/gcc-arm-none-eabi-5_4-2016q2-20160622-win32/bin/../lib/gcc/arm-none-eabi/5.4.1/../../../../arm-none-eabi/lib/armv7e-m/fpu/crt0.o
LOAD d:/dsusers/uidq6025/home/stm32_ide/eclipse/plugins/fr.ac6.mcu.externaltools.arm-none.win32_1.11.0.201610101338/tools/gcc-arm-none-eabi-5_4-2016q2-20160622-win32/bin/../lib/gcc/arm-none-eabi/5.4.1/../../../../arm-none-eabi/lib/armv7e-m/fpu\libm.a
LOAD Drivers/CMSIS/Device/ST/STM32F4xx/Source/Templates/gcc/startup_stm32f429xx.o
LOAD Drivers/CMSIS/Device/ST/STM32F4xx/Source/Templates/system_stm32f4xx.o
LOAD Drivers/STM32F4xx_HAL_Driver/Src/stm32f4xx_hal.o
LOAD Drivers/STM32F4xx_HAL_Driver/Src/stm32f4xx_hal_cortex.o
LOAD Drivers/STM32F4xx_HAL_Driver/Src/stm32f4xx_hal_dma.o
LOAD Drivers/STM32F4xx_HAL_Driver/Src/stm32f4xx_hal_dma_ex.o
LOAD Drivers/STM32F4xx_HAL_Driver/Src/stm32f4xx_hal_flash.o
LOAD Drivers/STM32F4xx_HAL_Driver/Src/stm32f4xx_hal_flash_ex.o
LOAD Drivers/STM32F4xx_HAL_Driver/Src/stm32f4xx_hal_flash_ramfunc.o
LOAD Drivers/STM32F4xx_HAL_Driver/Src/stm32f4xx_hal_gpio.o
LOAD Drivers/STM32F4xx_HAL_Driver/Src/stm32f4xx_hal_pwr.o
LOAD Drivers/STM32F4xx_HAL_Driver/Src/stm32f4xx_hal_pwr_ex.o
LOAD Drivers/STM32F4xx_HAL_Driver/Src/stm32f4xx_hal_rcc.o
LOAD Drivers/STM32F4xx_HAL_Driver/Src/stm32f4xx_hal_rcc_ex.o
LOAD Drivers/STM32F4xx_HAL_Driver/Src/stm32f4xx_hal_spi.o
LOAD Drivers/STM32F4xx_HAL_Driver/Src/stm32f4xx_hal_tim.o
LOAD Drivers/STM32F4xx_HAL_Driver/Src/stm32f4xx_hal_tim_ex.o
LOAD Src/gpio.o
LOAD Src/main.o
LOAD Src/spi.o
LOAD Src/stm32f4xx_hal_msp.o
LOAD Src/stm32f4xx_it.o
START GROUP
LOAD d:/dsusers/uidq6025/home/stm32_ide/eclipse/plugins/fr.ac6.mcu.externaltools.arm-none.win32_1.11.0.201610101338/tools/gcc-arm-none-eabi-5_4-2016q2-20160622-win32/bin/../lib/gcc/arm-none-eabi/5.4.1/armv7e-m/fpu\libgcc.a
LOAD d:/dsusers/uidq6025/home/stm32_ide/eclipse/plugins/fr.ac6.mcu.externaltools.arm-none.win32_1.11.0.201610101338/tools/gcc-arm-none-eabi-5_4-2016q2-20160622-win32/bin/../lib/gcc/arm-none-eabi/5.4.1/../../../../arm-none-eabi/lib/armv7e-m/fpu\libc_nano.a
END GROUP
START GROUP
LOAD d:/dsusers/uidq6025/home/stm32_ide/eclipse/plugins/fr.ac6.mcu.externaltools.arm-none.win32_1.11.0.201610101338/tools/gcc-arm-none-eabi-5_4-2016q2-20160622-win32/bin/../lib/gcc/arm-none-eabi/5.4.1/armv7e-m/fpu\libgcc.a
LOAD d:/dsusers/uidq6025/home/stm32_ide/eclipse/plugins/fr.ac6.mcu.externaltools.arm-none.win32_1.11.0.201610101338/tools/gcc-arm-none-eabi-5_4-2016q2-20160622-win32/bin/../lib/gcc/arm-none-eabi/5.4.1/../../../../arm-none-eabi/lib/armv7e-m/fpu\libc_nano.a
LOAD d:/dsusers/uidq6025/home/stm32_ide/eclipse/plugins/fr.ac6.mcu.externaltools.arm-none.win32_1.11.0.201610101338/tools/gcc-arm-none-eabi-5_4-2016q2-20160622-win32/bin/../lib/gcc/arm-none-eabi/5.4.1/../../../../arm-none-eabi/lib/armv7e-m/fpu\libnosys.a
END GROUP
START GROUP
LOAD d:/dsusers/uidq6025/home/stm32_ide/eclipse/plugins/fr.ac6.mcu.externaltools.arm-none.win32_1.11.0.201610101338/tools/gcc-arm-none-eabi-5_4-2016q2-20160622-win32/bin/../lib/gcc/arm-none-eabi/5.4.1/armv7e-m/fpu\libgcc.a
LOAD d:/dsusers/uidq6025/home/stm32_ide/eclipse/plugins/fr.ac6.mcu.externaltools.arm-none.win32_1.11.0.201610101338/tools/gcc-arm-none-eabi-5_4-2016q2-20160622-win32/bin/../lib/gcc/arm-none-eabi/5.4.1/../../../../arm-none-eabi/lib/armv7e-m/fpu\libc_nano.a
LOAD d:/dsusers/uidq6025/home/stm32_ide/eclipse/plugins/fr.ac6.mcu.externaltools.arm-none.win32_1.11.0.201610101338/tools/gcc-arm-none-eabi-5_4-2016q2-20160622-win32/bin/../lib/gcc/arm-none-eabi/5.4.1/../../../../arm-none-eabi/lib/armv7e-m/fpu\libnosys.a
END GROUP
LOAD d:/dsusers/uidq6025/home/stm32_ide/eclipse/plugins/fr.ac6.mcu.externaltools.arm-none.win32_1.11.0.201610101338/tools/gcc-arm-none-eabi-5_4-2016q2-20160622-win32/bin/../lib/gcc/arm-none-eabi/5.4.1/armv7e-m/fpu/crtend.o
LOAD d:/dsusers/uidq6025/home/stm32_ide/eclipse/plugins/fr.ac6.mcu.externaltools.arm-none.win32_1.11.0.201610101338/tools/gcc-arm-none-eabi-5_4-2016q2-20160622-win32/bin/../lib/gcc/arm-none-eabi/5.4.1/armv7e-m/fpu/crtn.o
                0x20030000                _estack = 0x20030000
                0x00000200                _Min_Heap_Size = 0x200
                0x00000400                _Min_Stack_Size = 0x400

.isr_vector     0x08000000      0x1ac
                0x08000000                . = ALIGN (0x4)
 *(.isr_vector)
 .isr_vector    0x08000000      0x1ac Drivers/CMSIS/Device/ST/STM32F4xx/Source/Templates/gcc/startup_stm32f429xx.o
                0x08000000                g_pfnVectors
                0x080001ac                . = ALIGN (0x4)

.text           0x080001ac     0x123c
                0x080001ac                . = ALIGN (0x4)
 *(.text)
 .text          0x080001ac       0x5c d:/dsusers/uidq6025/home/stm32_ide/eclipse/plugins/fr.ac6.mcu.externaltools.arm-none.win32_1.11.0.201610101338/tools/gcc-arm-none-eabi-5_4-2016q2-20160622-win32/bin/../lib/gcc/arm-none-eabi/5.4.1/armv7e-m/fpu/crtbegin.o
 *(.text*)
 .text.Reset_Handler
                0x08000208       0x50 Drivers/CMSIS/Device/ST/STM32F4xx/Source/Templates/gcc/startup_stm32f429xx.o
                0x08000208                Reset_Handler
 .text.Default_Handler
                0x08000258        0x2 Drivers/CMSIS/Device/ST/STM32F4xx/Source/Templates/gcc/startup_stm32f429xx.o
                0x08000258                RTC_Alarm_IRQHandler
                0x08000258                HASH_RNG_IRQHandler
                0x08000258                EXTI2_IRQHandler
                0x08000258                TIM8_CC_IRQHandler
                0x08000258                DebugMon_Handler
                0x08000258                UART8_IRQHandler
                0x08000258                SPI4_IRQHandler
                0x08000258                TIM1_CC_IRQHandler
                0x08000258                DMA2_Stream5_IRQHandler
                0x08000258                HardFault_Handler
                0x08000258                DMA1_Stream5_IRQHandler
                0x08000258                PVD_IRQHandler
                0x08000258                SDIO_IRQHandler
                0x08000258                TAMP_STAMP_IRQHandler
                0x08000258                PendSV_Handler
                0x08000258                NMI_Handler
                0x08000258                CAN2_RX1_IRQHandler
                0x08000258                EXTI3_IRQHandler
                0x08000258                TIM8_TRG_COM_TIM14_IRQHandler
                0x08000258                TIM1_UP_TIM10_IRQHandler
                0x08000258                TIM8_UP_TIM13_IRQHandler
                0x08000258                I2C3_ER_IRQHandler
                0x08000258                EXTI0_IRQHandler
                0x08000258                I2C2_EV_IRQHandler
                0x08000258                DMA1_Stream2_IRQHandler
                0x08000258                CAN1_RX0_IRQHandler
                0x08000258                FPU_IRQHandler
                0x08000258                OTG_HS_WKUP_IRQHandler
                0x08000258                UsageFault_Handler
                0x08000258                LTDC_ER_IRQHandler
                0x08000258                CAN2_SCE_IRQHandler
                0x08000258                DMA2_Stream2_IRQHandler
                0x08000258                SPI1_IRQHandler
                0x08000258                TIM6_DAC_IRQHandler
                0x08000258                TIM1_BRK_TIM9_IRQHandler
                0x08000258                DCMI_IRQHandler
                0x08000258                CAN2_RX0_IRQHandler
                0x08000258                DMA2_Stream3_IRQHandler
                0x08000258                USART6_IRQHandler
                0x08000258                USART3_IRQHandler
                0x08000258                CAN1_RX1_IRQHandler
                0x08000258                UART5_IRQHandler
                0x08000258                DMA2_Stream0_IRQHandler
                0x08000258                TIM4_IRQHandler
                0x08000258                I2C1_EV_IRQHandler
                0x08000258                DMA1_Stream6_IRQHandler
                0x08000258                DMA1_Stream1_IRQHandler
                0x08000258                UART4_IRQHandler
                0x08000258                TIM3_IRQHandler
                0x08000258                RCC_IRQHandler
                0x08000258                TIM8_BRK_TIM12_IRQHandler
                0x08000258                Default_Handler
                0x08000258                EXTI15_10_IRQHandler
                0x08000258                ADC_IRQHandler
                0x08000258                DMA1_Stream7_IRQHandler
                0x08000258                SPI5_IRQHandler
                0x08000258                TIM7_IRQHandler
                0x08000258                CAN2_TX_IRQHandler
                0x08000258                TIM5_IRQHandler
                0x08000258                DMA2_Stream7_IRQHandler
                0x08000258                I2C3_EV_IRQHandler
                0x08000258                EXTI9_5_IRQHandler
                0x08000258                RTC_WKUP_IRQHandler
                0x08000258                LTDC_IRQHandler
                0x08000258                ETH_WKUP_IRQHandler
                0x08000258                SPI2_IRQHandler
                0x08000258                OTG_HS_EP1_IN_IRQHandler
                0x08000258                MemManage_Handler
                0x08000258                DMA1_Stream0_IRQHandler
                0x08000258                CAN1_TX_IRQHandler
                0x08000258                SVC_Handler
                0x08000258                EXTI4_IRQHandler
                0x08000258                ETH_IRQHandler
                0x08000258                OTG_HS_EP1_OUT_IRQHandler
                0x08000258                WWDG_IRQHandler
                0x08000258                SPI6_IRQHandler
                0x08000258                TIM2_IRQHandler
                0x08000258                OTG_FS_WKUP_IRQHandler
                0x08000258                TIM1_TRG_COM_TIM11_IRQHandler
                0x08000258                OTG_HS_IRQHandler
                0x08000258                DMA2D_IRQHandler
                0x08000258                EXTI1_IRQHandler
                0x08000258                UART7_IRQHandler
                0x08000258                USART2_IRQHandler
                0x08000258                I2C2_ER_IRQHandler
                0x08000258                DMA2_Stream1_IRQHandler
                0x08000258                CAN1_SCE_IRQHandler
                0x08000258                FLASH_IRQHandler
                0x08000258                DMA2_Stream4_IRQHandler
                0x08000258                BusFault_Handler
                0x08000258                USART1_IRQHandler
                0x08000258                OTG_FS_IRQHandler
                0x08000258                SPI3_IRQHandler
                0x08000258                DMA1_Stream4_IRQHandler
                0x08000258                I2C1_ER_IRQHandler
                0x08000258                FMC_IRQHandler
                0x08000258                DMA2_Stream6_IRQHandler
                0x08000258                SAI1_IRQHandler
                0x08000258                DMA1_Stream3_IRQHandler
 *fill*         0x0800025a        0x2 
 .text.SystemInit
                0x0800025c       0x4c Drivers/CMSIS/Device/ST/STM32F4xx/Source/Templates/system_stm32f4xx.o
                0x0800025c                SystemInit
 .text.HAL_InitTick
                0x080002a8       0x28 Drivers/STM32F4xx_HAL_Driver/Src/stm32f4xx_hal.o
                0x080002a8                HAL_InitTick
 .text.HAL_Init
                0x080002d0       0x34 Drivers/STM32F4xx_HAL_Driver/Src/stm32f4xx_hal.o
                0x080002d0                HAL_Init
 .text.HAL_IncTick
                0x08000304       0x10 Drivers/STM32F4xx_HAL_Driver/Src/stm32f4xx_hal.o
                0x08000304                HAL_IncTick
 .text.HAL_GetTick
                0x08000314        0xc Drivers/STM32F4xx_HAL_Driver/Src/stm32f4xx_hal.o
                0x08000314                HAL_GetTick
 .text.HAL_Delay
                0x08000320       0x1a Drivers/STM32F4xx_HAL_Driver/Src/stm32f4xx_hal.o
                0x08000320                HAL_Delay
 *fill*         0x0800033a        0x2 
 .text.HAL_NVIC_SetPriorityGrouping
                0x0800033c       0x24 Drivers/STM32F4xx_HAL_Driver/Src/stm32f4xx_hal_cortex.o
                0x0800033c                HAL_NVIC_SetPriorityGrouping
 .text.HAL_NVIC_SetPriority
                0x08000360       0x68 Drivers/STM32F4xx_HAL_Driver/Src/stm32f4xx_hal_cortex.o
                0x08000360                HAL_NVIC_SetPriority
 .text.HAL_SYSTICK_Config
                0x080003c8       0x2c Drivers/STM32F4xx_HAL_Driver/Src/stm32f4xx_hal_cortex.o
                0x080003c8                HAL_SYSTICK_Config
 .text.HAL_SYSTICK_CLKSourceConfig
                0x080003f4       0x18 Drivers/STM32F4xx_HAL_Driver/Src/stm32f4xx_hal_cortex.o
                0x080003f4                HAL_SYSTICK_CLKSourceConfig
 .text.HAL_SYSTICK_Callback
                0x0800040c        0x2 Drivers/STM32F4xx_HAL_Driver/Src/stm32f4xx_hal_cortex.o
                0x0800040c                HAL_SYSTICK_Callback
 .text.HAL_SYSTICK_IRQHandler
                0x0800040e        0x8 Drivers/STM32F4xx_HAL_Driver/Src/stm32f4xx_hal_cortex.o
                0x0800040e                HAL_SYSTICK_IRQHandler
 *fill*         0x08000416        0x2 
 .text.HAL_GPIO_Init
                0x08000418      0x1d8 Drivers/STM32F4xx_HAL_Driver/Src/stm32f4xx_hal_gpio.o
                0x08000418                HAL_GPIO_Init
 .text.HAL_GPIO_WritePin
                0x080005f0        0x8 Drivers/STM32F4xx_HAL_Driver/Src/stm32f4xx_hal_gpio.o
                0x080005f0                HAL_GPIO_WritePin
 .text.HAL_PWREx_EnableOverDrive
                0x080005f8       0x98 Drivers/STM32F4xx_HAL_Driver/Src/stm32f4xx_hal_pwr_ex.o
                0x080005f8                HAL_PWREx_EnableOverDrive
 .text.HAL_RCC_OscConfig
                0x08000690      0x2d0 Drivers/STM32F4xx_HAL_Driver/Src/stm32f4xx_hal_rcc.o
                0x08000690                HAL_RCC_OscConfig
 .text.HAL_RCC_GetSysClockFreq
                0x08000960       0x7c Drivers/STM32F4xx_HAL_Driver/Src/stm32f4xx_hal_rcc.o
                0x08000960                HAL_RCC_GetSysClockFreq
 .text.HAL_RCC_ClockConfig
                0x080009dc      0x168 Drivers/STM32F4xx_HAL_Driver/Src/stm32f4xx_hal_rcc.o
                0x080009dc                HAL_RCC_ClockConfig
 .text.HAL_RCC_GetHCLKFreq
                0x08000b44        0xc Drivers/STM32F4xx_HAL_Driver/Src/stm32f4xx_hal_rcc.o
                0x08000b44                HAL_RCC_GetHCLKFreq
 .text.SPI_WaitFlagStateUntilTimeout
                0x08000b50       0x8e Drivers/STM32F4xx_HAL_Driver/Src/stm32f4xx_hal_spi.o
 .text.SPI_CheckFlag_BSY
                0x08000bde       0x20 Drivers/STM32F4xx_HAL_Driver/Src/stm32f4xx_hal_spi.o
 .text.HAL_SPI_Init
                0x08000bfe       0x7a Drivers/STM32F4xx_HAL_Driver/Src/stm32f4xx_hal_spi.o
                0x08000bfe                HAL_SPI_Init
 .text.HAL_SPI_Transmit
                0x08000c78      0x15a Drivers/STM32F4xx_HAL_Driver/Src/stm32f4xx_hal_spi.o
                0x08000c78                HAL_SPI_Transmit
 *fill*         0x08000dd2        0x2 
 .text.MX_GPIO_Init
                0x08000dd4      0x394 Src/gpio.o
                0x08000dd4                MX_GPIO_Init
 .text.SystemClock_Config
                0x08001168       0xb4 Src/main.o
                0x08001168                SystemClock_Config
 .text.startup.main
                0x0800121c       0x64 Src/main.o
                0x0800121c                main
 .text.Error_Handler
                0x08001280        0x2 Src/main.o
                0x08001280                Error_Handler
 *fill*         0x08001282        0x2 
 .text.MX_SPI4_Init
                0x08001284       0x44 Src/spi.o
                0x08001284                MX_SPI4_Init
 .text.HAL_SPI_MspInit
                0x080012c8       0x4c Src/spi.o
                0x080012c8                HAL_SPI_MspInit
 .text.HAL_MspInit
                0x08001314       0x60 Src/stm32f4xx_hal_msp.o
                0x08001314                HAL_MspInit
 .text.SysTick_Handler
                0x08001374        0xe Src/stm32f4xx_it.o
                0x08001374                SysTick_Handler
 *fill*         0x08001382        0x2 
 .text.__libc_init_array
                0x08001384       0x4c d:/dsusers/uidq6025/home/stm32_ide/eclipse/plugins/fr.ac6.mcu.externaltools.arm-none.win32_1.11.0.201610101338/tools/gcc-arm-none-eabi-5_4-2016q2-20160622-win32/bin/../lib/gcc/arm-none-eabi/5.4.1/../../../../arm-none-eabi/lib/armv7e-m/fpu\libc_nano.a(lib_a-init.o)
                0x08001384                __libc_init_array
 *(.glue_7)
 .glue_7        0x080013d0        0x0 linker stubs
 *(.glue_7t)
 .glue_7t       0x080013d0        0x0 linker stubs
 *(.eh_frame)
 .eh_frame      0x080013d0        0x0 d:/dsusers/uidq6025/home/stm32_ide/eclipse/plugins/fr.ac6.mcu.externaltools.arm-none.win32_1.11.0.201610101338/tools/gcc-arm-none-eabi-5_4-2016q2-20160622-win32/bin/../lib/gcc/arm-none-eabi/5.4.1/armv7e-m/fpu/crtbegin.o
 *(.init)
 .init          0x080013d0        0x4 d:/dsusers/uidq6025/home/stm32_ide/eclipse/plugins/fr.ac6.mcu.externaltools.arm-none.win32_1.11.0.201610101338/tools/gcc-arm-none-eabi-5_4-2016q2-20160622-win32/bin/../lib/gcc/arm-none-eabi/5.4.1/armv7e-m/fpu/crti.o
                0x080013d0                _init
 .init          0x080013d4        0x8 d:/dsusers/uidq6025/home/stm32_ide/eclipse/plugins/fr.ac6.mcu.externaltools.arm-none.win32_1.11.0.201610101338/tools/gcc-arm-none-eabi-5_4-2016q2-20160622-win32/bin/../lib/gcc/arm-none-eabi/5.4.1/armv7e-m/fpu/crtn.o
 *(.fini)
 .fini          0x080013dc        0x4 d:/dsusers/uidq6025/home/stm32_ide/eclipse/plugins/fr.ac6.mcu.externaltools.arm-none.win32_1.11.0.201610101338/tools/gcc-arm-none-eabi-5_4-2016q2-20160622-win32/bin/../lib/gcc/arm-none-eabi/5.4.1/armv7e-m/fpu/crti.o
                0x080013dc                _fini
 .fini          0x080013e0        0x8 d:/dsusers/uidq6025/home/stm32_ide/eclipse/plugins/fr.ac6.mcu.externaltools.arm-none.win32_1.11.0.201610101338/tools/gcc-arm-none-eabi-5_4-2016q2-20160622-win32/bin/../lib/gcc/arm-none-eabi/5.4.1/armv7e-m/fpu/crtn.o
                0x080013e8                . = ALIGN (0x4)
                0x080013e8                _etext = .

.vfp11_veneer   0x080013e8        0x0
 .vfp11_veneer  0x080013e8        0x0 linker stubs

.v4_bx          0x080013e8        0x0
 .v4_bx         0x080013e8        0x0 linker stubs

.iplt           0x080013e8        0x0
 .iplt          0x080013e8        0x0 d:/dsusers/uidq6025/home/stm32_ide/eclipse/plugins/fr.ac6.mcu.externaltools.arm-none.win32_1.11.0.201610101338/tools/gcc-arm-none-eabi-5_4-2016q2-20160622-win32/bin/../lib/gcc/arm-none-eabi/5.4.1/armv7e-m/fpu/crtbegin.o

.rodata         0x080013e8       0x10
                0x080013e8                . = ALIGN (0x4)
 *(.rodata)
 .rodata        0x080013e8       0x10 Drivers/STM32F4xx_HAL_Driver/Src/stm32f4xx_hal_rcc.o
                0x080013e8                APBAHBPrescTable
 *(.rodata*)
                0x080013f8                . = ALIGN (0x4)

.rel.dyn        0x080013f8        0x0
 .rel.iplt      0x080013f8        0x0 d:/dsusers/uidq6025/home/stm32_ide/eclipse/plugins/fr.ac6.mcu.externaltools.arm-none.win32_1.11.0.201610101338/tools/gcc-arm-none-eabi-5_4-2016q2-20160622-win32/bin/../lib/gcc/arm-none-eabi/5.4.1/armv7e-m/fpu/crtbegin.o

.ARM.extab
 *(.ARM.extab* .gnu.linkonce.armextab.*)

.ARM            0x080013f8        0x0
                0x080013f8                __exidx_start = .
 *(.ARM.exidx*)
                0x080013f8                __exidx_end = .

.preinit_array  0x080013f8        0x0
                0x080013f8                PROVIDE (__preinit_array_start, .)
 *(.preinit_array*)
                0x080013f8                PROVIDE (__preinit_array_end, .)

.init_array     0x080013f8        0x4
                0x080013f8                PROVIDE (__init_array_start, .)
 *(SORT(.init_array.*))
 *(.init_array*)
 .init_array    0x080013f8        0x4 d:/dsusers/uidq6025/home/stm32_ide/eclipse/plugins/fr.ac6.mcu.externaltools.arm-none.win32_1.11.0.201610101338/tools/gcc-arm-none-eabi-5_4-2016q2-20160622-win32/bin/../lib/gcc/arm-none-eabi/5.4.1/armv7e-m/fpu/crtbegin.o
                0x080013fc                PROVIDE (__init_array_end, .)

.fini_array     0x080013fc        0x4
                [!provide]                PROVIDE (__fini_array_start, .)
 *(SORT(.fini_array.*))
 *(.fini_array*)
 .fini_array    0x080013fc        0x4 d:/dsusers/uidq6025/home/stm32_ide/eclipse/plugins/fr.ac6.mcu.externaltools.arm-none.win32_1.11.0.201610101338/tools/gcc-arm-none-eabi-5_4-2016q2-20160622-win32/bin/../lib/gcc/arm-none-eabi/5.4.1/armv7e-m/fpu/crtbegin.o
                [!provide]                PROVIDE (__fini_array_end, .)
                0x08001400                _sidata = LOADADDR (.data)

.data           0x20000000        0x4 load address 0x08001400
                0x20000000                . = ALIGN (0x4)
                0x20000000                _sdata = .
 *(.data)
 .data          0x20000000        0x4 Drivers/CMSIS/Device/ST/STM32F4xx/Source/Templates/system_stm32f4xx.o
                0x20000000                SystemCoreClock
 *(.data*)
                0x20000004                . = ALIGN (0x4)
                0x20000004                _edata = .
                0x08001404                _siccmram = LOADADDR (.ccmram)

.jcr            0x20000004        0x0 load address 0x08001404
 .jcr           0x20000004        0x0 d:/dsusers/uidq6025/home/stm32_ide/eclipse/plugins/fr.ac6.mcu.externaltools.arm-none.win32_1.11.0.201610101338/tools/gcc-arm-none-eabi-5_4-2016q2-20160622-win32/bin/../lib/gcc/arm-none-eabi/5.4.1/armv7e-m/fpu/crtbegin.o

.igot.plt       0x20000004        0x0 load address 0x08001404
 .igot.plt      0x20000004        0x0 d:/dsusers/uidq6025/home/stm32_ide/eclipse/plugins/fr.ac6.mcu.externaltools.arm-none.win32_1.11.0.201610101338/tools/gcc-arm-none-eabi-5_4-2016q2-20160622-win32/bin/../lib/gcc/arm-none-eabi/5.4.1/armv7e-m/fpu/crtbegin.o

.ccmram         0x10000000        0x0 load address 0x08001404
                0x10000000                . = ALIGN (0x4)
                0x10000000                _sccmram = .
 *(.ccmram)
 *(.ccmram*)
                0x10000000                . = ALIGN (0x4)
                0x10000000                _eccmram = .
                0x10000000                . = ALIGN (0x4)

.bss            0x20000004       0x78
                0x20000004                _sbss = .
                0x20000004                __bss_start__ = _sbss
 *(.bss)
 .bss           0x20000004       0x1c d:/dsusers/uidq6025/home/stm32_ide/eclipse/plugins/fr.ac6.mcu.externaltools.arm-none.win32_1.11.0.201610101338/tools/gcc-arm-none-eabi-5_4-2016q2-20160622-win32/bin/../lib/gcc/arm-none-eabi/5.4.1/armv7e-m/fpu/crtbegin.o
 *(.bss*)
 *(COMMON)
 COMMON         0x20000020        0x4 Drivers/STM32F4xx_HAL_Driver/Src/stm32f4xx_hal.o
                0x20000020                uwTick
 COMMON         0x20000024       0x58 Src/spi.o
                0x20000024                hspi4
                0x2000007c                . = ALIGN (0x4)
                0x2000007c                _ebss = .
                0x2000007c                __bss_end__ = _ebss

._user_heap_stack
                0x2000007c      0x604
                0x20000080                . = ALIGN (0x8)
 *fill*         0x2000007c        0x4 
                [!provide]                PROVIDE (end, .)
                [!provide]                PROVIDE (_end, .)
                0x20000280                . = (. + _Min_Heap_Size)
 *fill*         0x20000080      0x200 
                0x20000680                . = (. + _Min_Stack_Size)
 *fill*         0x20000280      0x400 
                0x20000680                . = ALIGN (0x8)

/DISCARD/
 libc.a(*)
 libm.a(*)
 libgcc.a(*)

.ARM.attributes
                0x00000000       0x30
 *(.ARM.attributes)
 .ARM.attributes
                0x00000000       0x22 d:/dsusers/uidq6025/home/stm32_ide/eclipse/plugins/fr.ac6.mcu.externaltools.arm-none.win32_1.11.0.201610101338/tools/gcc-arm-none-eabi-5_4-2016q2-20160622-win32/bin/../lib/gcc/arm-none-eabi/5.4.1/armv7e-m/fpu/crti.o
 .ARM.attributes
                0x00000022       0x34 d:/dsusers/uidq6025/home/stm32_ide/eclipse/plugins/fr.ac6.mcu.externaltools.arm-none.win32_1.11.0.201610101338/tools/gcc-arm-none-eabi-5_4-2016q2-20160622-win32/bin/../lib/gcc/arm-none-eabi/5.4.1/armv7e-m/fpu/crtbegin.o
 .ARM.attributes
                0x00000056       0x21 Drivers/CMSIS/Device/ST/STM32F4xx/Source/Templates/gcc/startup_stm32f429xx.o
 .ARM.attributes
                0x00000077       0x39 Drivers/CMSIS/Device/ST/STM32F4xx/Source/Templates/system_stm32f4xx.o
 .ARM.attributes
                0x000000b0       0x39 Drivers/STM32F4xx_HAL_Driver/Src/stm32f4xx_hal.o
 .ARM.attributes
                0x000000e9       0x39 Drivers/STM32F4xx_HAL_Driver/Src/stm32f4xx_hal_cortex.o
 .ARM.attributes
                0x00000122       0x39 Drivers/STM32F4xx_HAL_Driver/Src/stm32f4xx_hal_gpio.o
 .ARM.attributes
                0x0000015b       0x39 Drivers/STM32F4xx_HAL_Driver/Src/stm32f4xx_hal_pwr_ex.o
 .ARM.attributes
                0x00000194       0x39 Drivers/STM32F4xx_HAL_Driver/Src/stm32f4xx_hal_rcc.o
 .ARM.attributes
                0x000001cd       0x39 Drivers/STM32F4xx_HAL_Driver/Src/stm32f4xx_hal_spi.o
 .ARM.attributes
                0x00000206       0x39 Src/gpio.o
 .ARM.attributes
                0x0000023f       0x39 Src/main.o
 .ARM.attributes
                0x00000278       0x39 Src/spi.o
 .ARM.attributes
                0x000002b1       0x39 Src/stm32f4xx_hal_msp.o
 .ARM.attributes
                0x000002ea       0x39 Src/stm32f4xx_it.o
 .ARM.attributes
                0x00000323       0x34 d:/dsusers/uidq6025/home/stm32_ide/eclipse/plugins/fr.ac6.mcu.externaltools.arm-none.win32_1.11.0.201610101338/tools/gcc-arm-none-eabi-5_4-2016q2-20160622-win32/bin/../lib/gcc/arm-none-eabi/5.4.1/../../../../arm-none-eabi/lib/armv7e-m/fpu\libc_nano.a(lib_a-init.o)
 .ARM.attributes
                0x00000357       0x22 d:/dsusers/uidq6025/home/stm32_ide/eclipse/plugins/fr.ac6.mcu.externaltools.arm-none.win32_1.11.0.201610101338/tools/gcc-arm-none-eabi-5_4-2016q2-20160622-win32/bin/../lib/gcc/arm-none-eabi/5.4.1/armv7e-m/fpu/crtn.o
OUTPUT(SPI4_MASTER.elf elf32-littlearm)

.debug_line     0x00000000     0x7be2
 .debug_line    0x00000000       0xae Drivers/CMSIS/Device/ST/STM32F4xx/Source/Templates/gcc/startup_stm32f429xx.o
 .debug_line    0x000000ae      0x8f3 Drivers/CMSIS/Device/ST/STM32F4xx/Source/Templates/system_stm32f4xx.o
 .debug_line    0x000009a1      0xa57 Drivers/STM32F4xx_HAL_Driver/Src/stm32f4xx_hal.o
 .debug_line    0x000013f8      0xa97 Drivers/STM32F4xx_HAL_Driver/Src/stm32f4xx_hal_cortex.o
 .debug_line    0x00001e8f      0xa7f Drivers/STM32F4xx_HAL_Driver/Src/stm32f4xx_hal_gpio.o
 .debug_line    0x0000290e      0xa0b Drivers/STM32F4xx_HAL_Driver/Src/stm32f4xx_hal_pwr_ex.o
 .debug_line    0x00003319      0xba4 Drivers/STM32F4xx_HAL_Driver/Src/stm32f4xx_hal_rcc.o
 .debug_line    0x00003ebd     0x105d Drivers/STM32F4xx_HAL_Driver/Src/stm32f4xx_hal_spi.o
 .debug_line    0x00004f1a      0x9a4 Src/gpio.o
 .debug_line    0x000058be      0x905 Src/main.o
 .debug_line    0x000061c3      0x8e3 Src/spi.o
 .debug_line    0x00006aa6      0x89b Src/stm32f4xx_hal_msp.o
 .debug_line    0x00007341      0x8a1 Src/stm32f4xx_it.o

.debug_info     0x00000000     0x78ec
 .debug_info    0x00000000       0xb3 Drivers/CMSIS/Device/ST/STM32F4xx/Source/Templates/gcc/startup_stm32f429xx.o
 .debug_info    0x000000b3      0x4f4 Drivers/CMSIS/Device/ST/STM32F4xx/Source/Templates/system_stm32f4xx.o
 .debug_info    0x000005a7      0x9b0 Drivers/STM32F4xx_HAL_Driver/Src/stm32f4xx_hal.o
 .debug_info    0x00000f57      0xeb5 Drivers/STM32F4xx_HAL_Driver/Src/stm32f4xx_hal_cortex.o
 .debug_info    0x00001e0c      0x74b Drivers/STM32F4xx_HAL_Driver/Src/stm32f4xx_hal_gpio.o
 .debug_info    0x00002557      0x956 Drivers/STM32F4xx_HAL_Driver/Src/stm32f4xx_hal_pwr_ex.o
 .debug_info    0x00002ead      0xcb1 Drivers/STM32F4xx_HAL_Driver/Src/stm32f4xx_hal_rcc.o
 .debug_info    0x00003b5e     0x183c Drivers/STM32F4xx_HAL_Driver/Src/stm32f4xx_hal_spi.o
 .debug_info    0x0000539a      0x854 Src/gpio.o
 .debug_info    0x00005bee      0xe53 Src/main.o
 .debug_info    0x00006a41      0x996 Src/spi.o
 .debug_info    0x000073d7      0x42a Src/stm32f4xx_hal_msp.o
 .debug_info    0x00007801       0xeb Src/stm32f4xx_it.o

.debug_abbrev   0x00000000     0x1755
 .debug_abbrev  0x00000000       0x12 Drivers/CMSIS/Device/ST/STM32F4xx/Source/Templates/gcc/startup_stm32f429xx.o
 .debug_abbrev  0x00000012      0x104 Drivers/CMSIS/Device/ST/STM32F4xx/Source/Templates/system_stm32f4xx.o
 .debug_abbrev  0x00000116      0x247 Drivers/STM32F4xx_HAL_Driver/Src/stm32f4xx_hal.o
 .debug_abbrev  0x0000035d      0x332 Drivers/STM32F4xx_HAL_Driver/Src/stm32f4xx_hal_cortex.o
 .debug_abbrev  0x0000068f      0x1cb Drivers/STM32F4xx_HAL_Driver/Src/stm32f4xx_hal_gpio.o
 .debug_abbrev  0x0000085a      0x231 Drivers/STM32F4xx_HAL_Driver/Src/stm32f4xx_hal_pwr_ex.o
 .debug_abbrev  0x00000a8b      0x321 Drivers/STM32F4xx_HAL_Driver/Src/stm32f4xx_hal_rcc.o
 .debug_abbrev  0x00000dac      0x33a Drivers/STM32F4xx_HAL_Driver/Src/stm32f4xx_hal_spi.o
 .debug_abbrev  0x000010e6      0x151 Src/gpio.o
 .debug_abbrev  0x00001237      0x1f0 Src/main.o
 .debug_abbrev  0x00001427      0x1c2 Src/spi.o
 .debug_abbrev  0x000015e9       0xc5 Src/stm32f4xx_hal_msp.o
 .debug_abbrev  0x000016ae       0xa7 Src/stm32f4xx_it.o

.debug_aranges  0x00000000      0x4f8
 .debug_aranges
                0x00000000       0x28 Drivers/CMSIS/Device/ST/STM32F4xx/Source/Templates/gcc/startup_stm32f429xx.o
 .debug_aranges
                0x00000028       0x28 Drivers/CMSIS/Device/ST/STM32F4xx/Source/Templates/system_stm32f4xx.o
 .debug_aranges
                0x00000050       0xc8 Drivers/STM32F4xx_HAL_Driver/Src/stm32f4xx_hal.o
 .debug_aranges
                0x00000118       0x98 Drivers/STM32F4xx_HAL_Driver/Src/stm32f4xx_hal_cortex.o
 .debug_aranges
                0x000001b0       0x58 Drivers/STM32F4xx_HAL_Driver/Src/stm32f4xx_hal_gpio.o
 .debug_aranges
                0x00000208       0x60 Drivers/STM32F4xx_HAL_Driver/Src/stm32f4xx_hal_pwr_ex.o
 .debug_aranges
                0x00000268       0x80 Drivers/STM32F4xx_HAL_Driver/Src/stm32f4xx_hal_rcc.o
 .debug_aranges
                0x000002e8      0x150 Drivers/STM32F4xx_HAL_Driver/Src/stm32f4xx_hal_spi.o
 .debug_aranges
                0x00000438       0x20 Src/gpio.o
 .debug_aranges
                0x00000458       0x30 Src/main.o
 .debug_aranges
                0x00000488       0x30 Src/spi.o
 .debug_aranges
                0x000004b8       0x20 Src/stm32f4xx_hal_msp.o
 .debug_aranges
                0x000004d8       0x20 Src/stm32f4xx_it.o

.debug_ranges   0x00000000      0x6b0
 .debug_ranges  0x00000000       0x20 Drivers/CMSIS/Device/ST/STM32F4xx/Source/Templates/gcc/startup_stm32f429xx.o
 .debug_ranges  0x00000020       0x18 Drivers/CMSIS/Device/ST/STM32F4xx/Source/Templates/system_stm32f4xx.o
 .debug_ranges  0x00000038       0xb8 Drivers/STM32F4xx_HAL_Driver/Src/stm32f4xx_hal.o
 .debug_ranges  0x000000f0      0x148 Drivers/STM32F4xx_HAL_Driver/Src/stm32f4xx_hal_cortex.o
 .debug_ranges  0x00000238       0x70 Drivers/STM32F4xx_HAL_Driver/Src/stm32f4xx_hal_gpio.o
 .debug_ranges  0x000002a8       0x80 Drivers/STM32F4xx_HAL_Driver/Src/stm32f4xx_hal_pwr_ex.o
 .debug_ranges  0x00000328      0x150 Drivers/STM32F4xx_HAL_Driver/Src/stm32f4xx_hal_rcc.o
 .debug_ranges  0x00000478      0x170 Drivers/STM32F4xx_HAL_Driver/Src/stm32f4xx_hal_spi.o
 .debug_ranges  0x000005e8       0x48 Src/gpio.o
 .debug_ranges  0x00000630       0x20 Src/main.o
 .debug_ranges  0x00000650       0x40 Src/spi.o
 .debug_ranges  0x00000690       0x10 Src/stm32f4xx_hal_msp.o
 .debug_ranges  0x000006a0       0x10 Src/stm32f4xx_it.o

.debug_loc      0x00000000     0x2822
 .debug_loc     0x00000000       0xd7 Drivers/CMSIS/Device/ST/STM32F4xx/Source/Templates/system_stm32f4xx.o
 .debug_loc     0x000000d7       0xbe Drivers/STM32F4xx_HAL_Driver/Src/stm32f4xx_hal.o
 .debug_loc     0x00000195      0x4ab Drivers/STM32F4xx_HAL_Driver/Src/stm32f4xx_hal_cortex.o
 .debug_loc     0x00000640      0x374 Drivers/STM32F4xx_HAL_Driver/Src/stm32f4xx_hal_gpio.o
 .debug_loc     0x000009b4      0x261 Drivers/STM32F4xx_HAL_Driver/Src/stm32f4xx_hal_pwr_ex.o
 .debug_loc     0x00000c15      0x49b Drivers/STM32F4xx_HAL_Driver/Src/stm32f4xx_hal_rcc.o
 .debug_loc     0x000010b0     0x1725 Drivers/STM32F4xx_HAL_Driver/Src/stm32f4xx_hal_spi.o
 .debug_loc     0x000027d5       0x4d Src/spi.o

.debug_macro    0x00000000    0x15483
 .debug_macro   0x00000000      0x2f5 Drivers/CMSIS/Device/ST/STM32F4xx/Source/Templates/system_stm32f4xx.o
 .debug_macro   0x000002f5      0x89e Drivers/CMSIS/Device/ST/STM32F4xx/Source/Templates/system_stm32f4xx.o
 .debug_macro   0x00000b93       0x31 Drivers/CMSIS/Device/ST/STM32F4xx/Source/Templates/system_stm32f4xx.o
 .debug_macro   0x00000bc4       0x28 Drivers/CMSIS/Device/ST/STM32F4xx/Source/Templates/system_stm32f4xx.o
 .debug_macro   0x00000bec       0x22 Drivers/CMSIS/Device/ST/STM32F4xx/Source/Templates/system_stm32f4xx.o
 .debug_macro   0x00000c0e       0x87 Drivers/CMSIS/Device/ST/STM32F4xx/Source/Templates/system_stm32f4xx.o
 .debug_macro   0x00000c95       0x44 Drivers/CMSIS/Device/ST/STM32F4xx/Source/Templates/system_stm32f4xx.o
 .debug_macro   0x00000cd9       0xfd Drivers/CMSIS/Device/ST/STM32F4xx/Source/Templates/system_stm32f4xx.o
 .debug_macro   0x00000dd6       0x5e Drivers/CMSIS/Device/ST/STM32F4xx/Source/Templates/system_stm32f4xx.o
 .debug_macro   0x00000e34      0x1df Drivers/CMSIS/Device/ST/STM32F4xx/Source/Templates/system_stm32f4xx.o
 .debug_macro   0x00001013       0x35 Drivers/CMSIS/Device/ST/STM32F4xx/Source/Templates/system_stm32f4xx.o
 .debug_macro   0x00001048       0x50 Drivers/CMSIS/Device/ST/STM32F4xx/Source/Templates/system_stm32f4xx.o
 .debug_macro   0x00001098      0xe66 Drivers/CMSIS/Device/ST/STM32F4xx/Source/Templates/system_stm32f4xx.o
 .debug_macro   0x00001efe     0xa373 Drivers/CMSIS/Device/ST/STM32F4xx/Source/Templates/system_stm32f4xx.o
 .debug_macro   0x0000c271       0x43 Drivers/CMSIS/Device/ST/STM32F4xx/Source/Templates/system_stm32f4xx.o
 .debug_macro   0x0000c2b4      0x478 Drivers/CMSIS/Device/ST/STM32F4xx/Source/Templates/system_stm32f4xx.o
 .debug_macro   0x0000c72c      0x179 Drivers/CMSIS/Device/ST/STM32F4xx/Source/Templates/system_stm32f4xx.o
 .debug_macro   0x0000c8a5     0x34ef Drivers/CMSIS/Device/ST/STM32F4xx/Source/Templates/system_stm32f4xx.o
 .debug_macro   0x0000fd94       0x52 Drivers/CMSIS/Device/ST/STM32F4xx/Source/Templates/system_stm32f4xx.o
 .debug_macro   0x0000fde6       0x35 Drivers/CMSIS/Device/ST/STM32F4xx/Source/Templates/system_stm32f4xx.o
 .debug_macro   0x0000fe1b       0x9c Drivers/CMSIS/Device/ST/STM32F4xx/Source/Templates/system_stm32f4xx.o
 .debug_macro   0x0000feb7       0x16 Drivers/CMSIS/Device/ST/STM32F4xx/Source/Templates/system_stm32f4xx.o
 .debug_macro   0x0000fecd       0x97 Drivers/CMSIS/Device/ST/STM32F4xx/Source/Templates/system_stm32f4xx.o
 .debug_macro   0x0000ff64      0x30d Drivers/CMSIS/Device/ST/STM32F4xx/Source/Templates/system_stm32f4xx.o
 .debug_macro   0x00010271       0xfd Drivers/CMSIS/Device/ST/STM32F4xx/Source/Templates/system_stm32f4xx.o
 .debug_macro   0x0001036e       0x10 Drivers/CMSIS/Device/ST/STM32F4xx/Source/Templates/system_stm32f4xx.o
 .debug_macro   0x0001037e       0x52 Drivers/CMSIS/Device/ST/STM32F4xx/Source/Templates/system_stm32f4xx.o
 .debug_macro   0x000103d0       0x1f Drivers/CMSIS/Device/ST/STM32F4xx/Source/Templates/system_stm32f4xx.o
 .debug_macro   0x000103ef       0x43 Drivers/CMSIS/Device/ST/STM32F4xx/Source/Templates/system_stm32f4xx.o
 .debug_macro   0x00010432       0x20 Drivers/CMSIS/Device/ST/STM32F4xx/Source/Templates/system_stm32f4xx.o
 .debug_macro   0x00010452      0x187 Drivers/CMSIS/Device/ST/STM32F4xx/Source/Templates/system_stm32f4xx.o
 .debug_macro   0x000105d9       0x10 Drivers/CMSIS/Device/ST/STM32F4xx/Source/Templates/system_stm32f4xx.o
 .debug_macro   0x000105e9       0x1c Drivers/CMSIS/Device/ST/STM32F4xx/Source/Templates/system_stm32f4xx.o
 .debug_macro   0x00010605       0x52 Drivers/CMSIS/Device/ST/STM32F4xx/Source/Templates/system_stm32f4xx.o
 .debug_macro   0x00010657       0x40 Drivers/CMSIS/Device/ST/STM32F4xx/Source/Templates/system_stm32f4xx.o
 .debug_macro   0x00010697       0x10 Drivers/CMSIS/Device/ST/STM32F4xx/Source/Templates/system_stm32f4xx.o
 .debug_macro   0x000106a7       0x40 Drivers/CMSIS/Device/ST/STM32F4xx/Source/Templates/system_stm32f4xx.o
 .debug_macro   0x000106e7       0xd7 Drivers/CMSIS/Device/ST/STM32F4xx/Source/Templates/system_stm32f4xx.o
 .debug_macro   0x000107be       0x16 Drivers/CMSIS/Device/ST/STM32F4xx/Source/Templates/system_stm32f4xx.o
 .debug_macro   0x000107d4      0x189 Drivers/CMSIS/Device/ST/STM32F4xx/Source/Templates/system_stm32f4xx.o
 .debug_macro   0x0001095d       0x50 Drivers/CMSIS/Device/ST/STM32F4xx/Source/Templates/system_stm32f4xx.o
 .debug_macro   0x000109ad      0xc9e Drivers/CMSIS/Device/ST/STM32F4xx/Source/Templates/system_stm32f4xx.o
 .debug_macro   0x0001164b      0x9e1 Drivers/CMSIS/Device/ST/STM32F4xx/Source/Templates/system_stm32f4xx.o
 .debug_macro   0x0001202c      0x11e Drivers/CMSIS/Device/ST/STM32F4xx/Source/Templates/system_stm32f4xx.o
 .debug_macro   0x0001214a      0x161 Drivers/CMSIS/Device/ST/STM32F4xx/Source/Templates/system_stm32f4xx.o
 .debug_macro   0x000122ab       0x27 Drivers/CMSIS/Device/ST/STM32F4xx/Source/Templates/system_stm32f4xx.o
 .debug_macro   0x000122d2      0x287 Drivers/CMSIS/Device/ST/STM32F4xx/Source/Templates/system_stm32f4xx.o
 .debug_macro   0x00012559       0x5f Drivers/CMSIS/Device/ST/STM32F4xx/Source/Templates/system_stm32f4xx.o
 .debug_macro   0x000125b8      0x23a Drivers/CMSIS/Device/ST/STM32F4xx/Source/Templates/system_stm32f4xx.o
 .debug_macro   0x000127f2      0x13a Drivers/CMSIS/Device/ST/STM32F4xx/Source/Templates/system_stm32f4xx.o
 .debug_macro   0x0001292c      0x41d Drivers/CMSIS/Device/ST/STM32F4xx/Source/Templates/system_stm32f4xx.o
 .debug_macro   0x00012d49       0x2e Drivers/CMSIS/Device/ST/STM32F4xx/Source/Templates/system_stm32f4xx.o
 .debug_macro   0x00012d77      0x11e Drivers/CMSIS/Device/ST/STM32F4xx/Source/Templates/system_stm32f4xx.o
 .debug_macro   0x00012e95       0xe2 Drivers/CMSIS/Device/ST/STM32F4xx/Source/Templates/system_stm32f4xx.o
 .debug_macro   0x00012f77       0x89 Drivers/CMSIS/Device/ST/STM32F4xx/Source/Templates/system_stm32f4xx.o
 .debug_macro   0x00013000      0x202 Drivers/CMSIS/Device/ST/STM32F4xx/Source/Templates/system_stm32f4xx.o
 .debug_macro   0x00013202      0x12c Drivers/CMSIS/Device/ST/STM32F4xx/Source/Templates/system_stm32f4xx.o
 .debug_macro   0x0001332e      0x33d Drivers/STM32F4xx_HAL_Driver/Src/stm32f4xx_hal.o
 .debug_macro   0x0001366b      0x2ef Drivers/STM32F4xx_HAL_Driver/Src/stm32f4xx_hal_cortex.o
 .debug_macro   0x0001395a      0x327 Drivers/STM32F4xx_HAL_Driver/Src/stm32f4xx_hal_gpio.o
 .debug_macro   0x00013c81      0x307 Drivers/STM32F4xx_HAL_Driver/Src/stm32f4xx_hal_pwr_ex.o
 .debug_macro   0x00013f88      0x319 Drivers/STM32F4xx_HAL_Driver/Src/stm32f4xx_hal_rcc.o
 .debug_macro   0x000142a1      0x2f7 Drivers/STM32F4xx_HAL_Driver/Src/stm32f4xx_hal_spi.o
 .debug_macro   0x00014598      0x2f9 Src/gpio.o
 .debug_macro   0x00014891      0x307 Src/main.o
 .debug_macro   0x00014b98      0x303 Src/spi.o
 .debug_macro   0x00014e9b      0x2ef Src/stm32f4xx_hal_msp.o
 .debug_macro   0x0001518a      0x2f9 Src/stm32f4xx_it.o

.debug_str      0x00000000    0x70fe9
 .debug_str     0x00000000    0x6f1a9 Drivers/CMSIS/Device/ST/STM32F4xx/Source/Templates/system_stm32f4xx.o
                              0x6f449 (size before relaxing)
 .debug_str     0x0006f1a9      0xa7e Drivers/STM32F4xx_HAL_Driver/Src/stm32f4xx_hal.o
                              0x6feaa (size before relaxing)
 .debug_str     0x0006fc27      0x32a Drivers/STM32F4xx_HAL_Driver/Src/stm32f4xx_hal_cortex.o
                              0x6fcc7 (size before relaxing)
 .debug_str     0x0006ff51      0x2f2 Drivers/STM32F4xx_HAL_Driver/Src/stm32f4xx_hal_gpio.o
                              0x6f6a0 (size before relaxing)
 .debug_str     0x00070243      0x14d Drivers/STM32F4xx_HAL_Driver/Src/stm32f4xx_hal_pwr_ex.o
                              0x6f610 (size before relaxing)
 .debug_str     0x00070390      0x371 Drivers/STM32F4xx_HAL_Driver/Src/stm32f4xx_hal_rcc.o
                              0x6f82f (size before relaxing)
 .debug_str     0x00070701      0x7d2 Drivers/STM32F4xx_HAL_Driver/Src/stm32f4xx_hal_spi.o
                              0x6facf (size before relaxing)
 .debug_str     0x00070ed3       0x25 Src/gpio.o
                              0x6f426 (size before relaxing)
 .debug_str     0x00070ef8       0x59 Src/main.o
                              0x6ff8a (size before relaxing)
 .debug_str     0x00070f51       0x39 Src/spi.o
                              0x6f892 (size before relaxing)
 .debug_str     0x00070f8a       0x27 Src/stm32f4xx_hal_msp.o
                              0x6f7c7 (size before relaxing)
 .debug_str     0x00070fb1       0x38 Src/stm32f4xx_it.o
                              0x6f263 (size before relaxing)

.comment        0x00000000       0x6e
 .comment       0x00000000       0x6e Drivers/CMSIS/Device/ST/STM32F4xx/Source/Templates/system_stm32f4xx.o
                                 0x6f (size before relaxing)
 .comment       0x0000006e       0x6f Drivers/STM32F4xx_HAL_Driver/Src/stm32f4xx_hal.o
 .comment       0x0000006e       0x6f Drivers/STM32F4xx_HAL_Driver/Src/stm32f4xx_hal_cortex.o
 .comment       0x0000006e       0x6f Drivers/STM32F4xx_HAL_Driver/Src/stm32f4xx_hal_gpio.o
 .comment       0x0000006e       0x6f Drivers/STM32F4xx_HAL_Driver/Src/stm32f4xx_hal_pwr_ex.o
 .comment       0x0000006e       0x6f Drivers/STM32F4xx_HAL_Driver/Src/stm32f4xx_hal_rcc.o
 .comment       0x0000006e       0x6f Drivers/STM32F4xx_HAL_Driver/Src/stm32f4xx_hal_spi.o
 .comment       0x0000006e       0x6f Src/gpio.o
 .comment       0x0000006e       0x6f Src/main.o
 .comment       0x0000006e       0x6f Src/spi.o
 .comment       0x0000006e       0x6f Src/stm32f4xx_hal_msp.o
 .comment       0x0000006e       0x6f Src/stm32f4xx_it.o

.debug_frame    0x00000000      0xc14
 .debug_frame   0x00000000       0x30 Drivers/CMSIS/Device/ST/STM32F4xx/Source/Templates/system_stm32f4xx.o
 .debug_frame   0x00000030      0x1a4 Drivers/STM32F4xx_HAL_Driver/Src/stm32f4xx_hal.o
 .debug_frame   0x000001d4      0x130 Drivers/STM32F4xx_HAL_Driver/Src/stm32f4xx_hal_cortex.o
 .debug_frame   0x00000304       0xd4 Drivers/STM32F4xx_HAL_Driver/Src/stm32f4xx_hal_gpio.o
 .debug_frame   0x000003d8      0x100 Drivers/STM32F4xx_HAL_Driver/Src/stm32f4xx_hal_pwr_ex.o
 .debug_frame   0x000004d8      0x138 Drivers/STM32F4xx_HAL_Driver/Src/stm32f4xx_hal_rcc.o
 .debug_frame   0x00000610      0x490 Drivers/STM32F4xx_HAL_Driver/Src/stm32f4xx_hal_spi.o
 .debug_frame   0x00000aa0       0x40 Src/gpio.o
 .debug_frame   0x00000ae0       0x58 Src/main.o
 .debug_frame   0x00000b38       0x58 Src/spi.o
 .debug_frame   0x00000b90       0x2c Src/stm32f4xx_hal_msp.o
 .debug_frame   0x00000bbc       0x2c Src/stm32f4xx_it.o
 .debug_frame   0x00000be8       0x2c d:/dsusers/uidq6025/home/stm32_ide/eclipse/plugins/fr.ac6.mcu.externaltools.arm-none.win32_1.11.0.201610101338/tools/gcc-arm-none-eabi-5_4-2016q2-20160622-win32/bin/../lib/gcc/arm-none-eabi/5.4.1/../../../../arm-none-eabi/lib/armv7e-m/fpu\libc_nano.a(lib_a-init.o)
